// Jest Snapshot v1, https://goo.gl/fbAQLP

exports[`CurrentLocation component renders correctly 1`] = `""`;
