// Jest Snapshot v1, https://goo.gl/fbAQLP

exports[`DifferentFloorDirections component renders correctly 1`] = `
<RNSVGGroup
  fill={
    Array [
      0,
      4278190080,
    ]
  }
  fillOpacity={1}
  fillRule={1}
  font={Object {}}
  matrix={
    Array [
      1,
      0,
      0,
      1,
      0,
      0,
    ]
  }
  opacity={1}
  originX={0}
  originY={0}
  propList={Array []}
  rotation={0}
  scaleX={1}
  scaleY={1}
  skewX={0}
  skewY={0}
  stroke={null}
  strokeDasharray={null}
  strokeDashoffset={null}
  strokeLinecap={0}
  strokeLinejoin={0}
  strokeMiterlimit={4}
  strokeOpacity={1}
  strokeWidth={1}
  vectorEffect={0}
  x={0}
  y={0}
>
  <RNSVGLine
    fill={
      Array [
        0,
        4278190080,
      ]
    }
    fillOpacity={1}
    fillRule={1}
    matrix={
      Array [
        1,
        0,
        0,
        1,
        0,
        0,
      ]
    }
    opacity={1}
    originX={0}
    originY={0}
    propList={
      Array [
        "stroke",
        "strokeWidth",
      ]
    }
    rotation={0}
    scaleX={1}
    scaleY={1}
    skewX={0}
    skewY={0}
    stroke={
      Array [
        0,
        4278190335,
      ]
    }
    strokeDasharray={null}
    strokeDashoffset={null}
    strokeLinecap={0}
    strokeLinejoin={0}
    strokeMiterlimit={4}
    strokeOpacity={1}
    strokeWidth="5"
    vectorEffect={0}
    x={0}
    x1="737"
    x2="737"
    y={0}
    y1="844"
    y2="802"
  />
  <RNSVGLine
    fill={
      Array [
        0,
        4278190080,
      ]
    }
    fillOpacity={1}
    fillRule={1}
    matrix={
      Array [
        1,
        0,
        0,
        1,
        0,
        0,
      ]
    }
    opacity={1}
    originX={0}
    originY={0}
    propList={
      Array [
        "stroke",
        "strokeWidth",
      ]
    }
    rotation={0}
    scaleX={1}
    scaleY={1}
    skewX={0}
    skewY={0}
    stroke={
      Array [
        0,
        4278190335,
      ]
    }
    strokeDasharray={null}
    strokeDashoffset={null}
    strokeLinecap={0}
    strokeLinejoin={0}
    strokeMiterlimit={4}
    strokeOpacity={1}
    strokeWidth="5"
    vectorEffect={0}
    x={0}
    x1="737"
    x2="646"
    y={0}
    y1="802"
    y2="802"
  />
  <RNSVGLine
    fill={
      Array [
        0,
        4278190080,
      ]
    }
    fillOpacity={1}
    fillRule={1}
    matrix={
      Array [
        1,
        0,
        0,
        1,
        0,
        0,
      ]
    }
    opacity={1}
    originX={0}
    originY={0}
    propList={
      Array [
        "stroke",
        "strokeWidth",
      ]
    }
    rotation={0}
    scaleX={1}
    scaleY={1}
    skewX={0}
    skewY={0}
    stroke={
      Array [
        0,
        4278190335,
      ]
    }
    strokeDasharray={null}
    strokeDashoffset={null}
    strokeLinecap={0}
    strokeLinejoin={0}
    strokeMiterlimit={4}
    strokeOpacity={1}
    strokeWidth="5"
    vectorEffect={0}
    x={0}
    x1="646"
    x2="557"
    y={0}
    y1="802"
    y2="804"
  />
  <RNSVGLine
    fill={
      Array [
        0,
        4278190080,
      ]
    }
    fillOpacity={1}
    fillRule={1}
    matrix={
      Array [
        1,
        0,
        0,
        1,
        0,
        0,
      ]
    }
    opacity={1}
    originX={0}
    originY={0}
    propList={
      Array [
        "stroke",
        "strokeWidth",
      ]
    }
    rotation={0}
    scaleX={1}
    scaleY={1}
    skewX={0}
    skewY={0}
    stroke={
      Array [
        0,
        4278190335,
      ]
    }
    strokeDasharray={null}
    strokeDashoffset={null}
    strokeLinecap={0}
    strokeLinejoin={0}
    strokeMiterlimit={4}
    strokeOpacity={1}
    strokeWidth="5"
    vectorEffect={0}
    x={0}
    x1="557"
    x2="559"
    y={0}
    y1="804"
    y2="799"
  />
  <RNSVGLine
    fill={
      Array [
        0,
        4278190080,
      ]
    }
    fillOpacity={1}
    fillRule={1}
    matrix={
      Array [
        1,
        0,
        0,
        1,
        0,
        0,
      ]
    }
    opacity={1}
    originX={0}
    originY={0}
    propList={
      Array [
        "stroke",
        "strokeWidth",
      ]
    }
    rotation={0}
    scaleX={1}
    scaleY={1}
    skewX={0}
    skewY={0}
    stroke={
      Array [
        0,
        4278190335,
      ]
    }
    strokeDasharray={null}
    strokeDashoffset={null}
    strokeLinecap={0}
    strokeLinejoin={0}
    strokeMiterlimit={4}
    strokeOpacity={1}
    strokeWidth="5"
    vectorEffect={0}
    x={0}
    x1="559"
    x2="553"
    y={0}
    y1="799"
    y2="399"
  />
  <RNSVGLine
    fill={
      Array [
        0,
        4278190080,
      ]
    }
    fillOpacity={1}
    fillRule={1}
    matrix={
      Array [
        1,
        0,
        0,
        1,
        0,
        0,
      ]
    }
    opacity={1}
    originX={0}
    originY={0}
    propList={
      Array [
        "stroke",
        "strokeWidth",
      ]
    }
    rotation={0}
    scaleX={1}
    scaleY={1}
    skewX={0}
    skewY={0}
    stroke={
      Array [
        0,
        4278190335,
      ]
    }
    strokeDasharray={null}
    strokeDashoffset={null}
    strokeLinecap={0}
    strokeLinejoin={0}
    strokeMiterlimit={4}
    strokeOpacity={1}
    strokeWidth="5"
    vectorEffect={0}
    x={0}
    x1="553"
    x2="553"
    y={0}
    y1="399"
    y2="401"
  />
  <RNSVGLine
    fill={
      Array [
        0,
        4278190080,
      ]
    }
    fillOpacity={1}
    fillRule={1}
    matrix={
      Array [
        1,
        0,
        0,
        1,
        0,
        0,
      ]
    }
    opacity={1}
    originX={0}
    originY={0}
    propList={
      Array [
        "stroke",
        "strokeWidth",
      ]
    }
    rotation={0}
    scaleX={1}
    scaleY={1}
    skewX={0}
    skewY={0}
    stroke={
      Array [
        0,
        4278190335,
      ]
    }
    strokeDasharray={null}
    strokeDashoffset={null}
    strokeLinecap={0}
    strokeLinejoin={0}
    strokeMiterlimit={4}
    strokeOpacity={1}
    strokeWidth="5"
    vectorEffect={0}
    x={0}
    x1="553"
    x2="362"
    y={0}
    y1="401"
    y2="415"
  />
  <RNSVGLine
    fill={
      Array [
        0,
        4278190080,
      ]
    }
    fillOpacity={1}
    fillRule={1}
    matrix={
      Array [
        1,
        0,
        0,
        1,
        0,
        0,
      ]
    }
    opacity={1}
    originX={0}
    originY={0}
    propList={
      Array [
        "stroke",
        "strokeWidth",
      ]
    }
    rotation={0}
    scaleX={1}
    scaleY={1}
    skewX={0}
    skewY={0}
    stroke={
      Array [
        0,
        4278190335,
      ]
    }
    strokeDasharray={null}
    strokeDashoffset={null}
    strokeLinecap={0}
    strokeLinejoin={0}
    strokeMiterlimit={4}
    strokeOpacity={1}
    strokeWidth="5"
    vectorEffect={0}
    x={0}
    x1="361"
    x2="362"
    y={0}
    y1="353"
    y2="415"
  />
</RNSVGGroup>
`;
