// Jest Snapshot v1, https://goo.gl/fbAQLP

exports[`IndoorScenario component renders different building correctly 1`] = `
<RNSVGGroup
  fill={
    Array [
      0,
      4278190080,
    ]
  }
  fillOpacity={1}
  fillRule={1}
  font={Object {}}
  matrix={
    Array [
      1,
      0,
      0,
      1,
      0,
      0,
    ]
  }
  opacity={1}
  originX={0}
  originY={0}
  propList={Array []}
  rotation={0}
  scaleX={1}
  scaleY={1}
  skewX={0}
  skewY={0}
  stroke={null}
  strokeDasharray={null}
  strokeDashoffset={null}
  strokeLinecap={0}
  strokeLinejoin={0}
  strokeMiterlimit={4}
  strokeOpacity={1}
  strokeWidth={1}
  vectorEffect={0}
  x={0}
  y={0}
/>
`;

exports[`IndoorScenario component renders different floor correctly 1`] = `
<RNSVGGroup
  fill={
    Array [
      0,
      4278190080,
    ]
  }
  fillOpacity={1}
  fillRule={1}
  font={Object {}}
  matrix={
    Array [
      1,
      0,
      0,
      1,
      0,
      0,
    ]
  }
  opacity={1}
  originX={0}
  originY={0}
  propList={Array []}
  rotation={0}
  scaleX={1}
  scaleY={1}
  skewX={0}
  skewY={0}
  stroke={null}
  strokeDasharray={null}
  strokeDashoffset={null}
  strokeLinecap={0}
  strokeLinejoin={0}
  strokeMiterlimit={4}
  strokeOpacity={1}
  strokeWidth={1}
  vectorEffect={0}
  x={0}
  y={0}
/>
`;

exports[`IndoorScenario component renders same floor correctly 1`] = `
<RNSVGGroup
  fill={
    Array [
      0,
      4278190080,
    ]
  }
  fillOpacity={1}
  fillRule={1}
  font={Object {}}
  matrix={
    Array [
      1,
      0,
      0,
      1,
      0,
      0,
    ]
  }
  opacity={1}
  originX={0}
  originY={0}
  propList={Array []}
  rotation={0}
  scaleX={1}
  scaleY={1}
  skewX={0}
  skewY={0}
  stroke={null}
  strokeDasharray={null}
  strokeDashoffset={null}
  strokeLinecap={0}
  strokeLinejoin={0}
  strokeMiterlimit={4}
  strokeOpacity={1}
  strokeWidth={1}
  vectorEffect={0}
  x={0}
  y={0}
/>
`;
