// Jest Snapshot v1, https://goo.gl/fbAQLP

exports[`currentBuilding component renders correctly 1`] = `"Not in a building"`;
